> time<-seq(10,1,by=0.5)
Error in seq.default(10, 1, by = 0.5) : wrong sign in 'by' argument
> time<-seq(10,1,by=-0.5)
> time
[1] 10.0  9.5  9.0  8.5  8.0  7.5  7.0  6.5  6.0  5.5  5.0  4.5  4.0  3.5  3.0  2.5  2.0  1.5  1.0
> y<-sapply(time, fqa(x,a,b,c)a*x+b*x+c,a= 2,b=-2, c = 20)
Error: unexpected symbol in "y<-sapply(time, fqa(x,a,b,c)a"
> y<-sapply(time, fqa(x,a,b,c)a*x+b*x+c,a= 2,b=-2, c = 20)
Error: unexpected symbol in "y<-sapply(time, fqa(x,a,b,c)a"
> y<-sapply(time, function(x,a,b,c)a*x+b*x+c,a= 2,b=-2, c = 20)
> m<-matrix(nrow=length(time), ncol=2)
> m
[,1] [,2]
[1,]   NA   NA
[2,]   NA   NA
[3,]   NA   NA
[4,]   NA   NA
[5,]   NA   NA
[6,]   NA   NA
[7,]   NA   NA
[8,]   NA   NA
[9,]   NA   NA
[10,]   NA   NA
[11,]   NA   NA
[12,]   NA   NA
[13,]   NA   NA
[14,]   NA   NA
[15,]   NA   NA
[16,]   NA   NA
[17,]   NA   NA
[18,]   NA   NA
[19,]   NA   NA
> m<-matrix(nrow=length(time), ncol=2)
> colnames(m)<=c("Time",  "y")
logical(0)
> colnames(m)<-c("Time",  "y")
> m
Time  y
[1,]   NA NA
[2,]   NA NA
[3,]   NA NA
[4,]   NA NA
[5,]   NA NA
[6,]   NA NA
[7,]   NA NA
[8,]   NA NA
[9,]   NA NA
[10,]   NA NA
[11,]   NA NA
[12,]   NA NA
[13,]   NA NA
[14,]   NA NA
[15,]   NA NA
[16,]   NA NA
[17,]   NA NA
[18,]   NA NA
[19,]   NA NA
> m<-matrix(nrow=length(time), ncol=2)
> 
  > m[,1]<-time
> m[,2]<-y
> m
[,1] [,2]
[1,] 10.0   20
[2,]  9.5   20
[3,]  9.0   20
[4,]  8.5   20
[5,]  8.0   20
[6,]  7.5   20
[7,]  7.0   20
[8,]  6.5   20
[9,]  6.0   20
[10,]  5.5   20
[11,]  5.0   20
[12,]  4.5   20
[13,]  4.0   20
[14,]  3.5   20
[15,]  3.0   20
[16,]  2.5   20
[17,]  2.0   20
[18,]  1.5   20
[19,]  1.0   20
> y
[1] 20 20 20 20 20 20 20 20 20 20 20 20 20 20 20 20 20 20 20
> time<-seq(-10,10,by=-0.1)
Error in seq.default(-10, 10, by = -0.1) : wrong sign in 'by' argument
> time<-seq(-10,10,by=0.1)
> m[,1]<-time
Error in m[, 1] <- time : 
  number of items to replace is not a multiple of replacement length
> y<-sapply(time, function(x,a,b,c)a*x^2+b*x+c,a= 2,b=-2, c = 20)
> m<-matrix(nrow=length(time), ncol=2)
> m[,1]<-time
> m[,2]<-y
> m
[,1]   [,2]
[1,] -10.0 240.00
[2,]  -9.9 235.82
[3,]  -9.8 231.68
[4,]  -9.7 227.58
[5,]  -9.6 223.52
[6,]  -9.5 219.50
[7,]  -9.4 215.52
[8,]  -9.3 211.58
[9,]  -9.2 207.68
[10,]  -9.1 203.82
[11,]  -9.0 200.00
[12,]  -8.9 196.22
[13,]  -8.8 192.48
[14,]  -8.7 188.78
[15,]  -8.6 185.12
[16,]  -8.5 181.50
[17,]  -8.4 177.92
[18,]  -8.3 174.38
[19,]  -8.2 170.88
[20,]  -8.1 167.42
[21,]  -8.0 164.00
[22,]  -7.9 160.62
[23,]  -7.8 157.28
[24,]  -7.7 153.98
[25,]  -7.6 150.72
[26,]  -7.5 147.50
[27,]  -7.4 144.32
[28,]  -7.3 141.18
[29,]  -7.2 138.08
[30,]  -7.1 135.02
[31,]  -7.0 132.00
[32,]  -6.9 129.02
[33,]  -6.8 126.08
[34,]  -6.7 123.18
[35,]  -6.6 120.32
[36,]  -6.5 117.50
[37,]  -6.4 114.72
[38,]  -6.3 111.98
[39,]  -6.2 109.28
[40,]  -6.1 106.62
[41,]  -6.0 104.00
[42,]  -5.9 101.42
[43,]  -5.8  98.88
[44,]  -5.7  96.38
[45,]  -5.6  93.92
[46,]  -5.5  91.50
[47,]  -5.4  89.12
[48,]  -5.3  86.78
[49,]  -5.2  84.48
[50,]  -5.1  82.22
[51,]  -5.0  80.00
[52,]  -4.9  77.82
[53,]  -4.8  75.68
[54,]  -4.7  73.58
[55,]  -4.6  71.52
[56,]  -4.5  69.50
[57,]  -4.4  67.52
[58,]  -4.3  65.58
[59,]  -4.2  63.68
[60,]  -4.1  61.82
[61,]  -4.0  60.00
[62,]  -3.9  58.22
[63,]  -3.8  56.48
[64,]  -3.7  54.78
[65,]  -3.6  53.12
[66,]  -3.5  51.50
[67,]  -3.4  49.92
[68,]  -3.3  48.38
[69,]  -3.2  46.88
[70,]  -3.1  45.42
[71,]  -3.0  44.00
[72,]  -2.9  42.62
[73,]  -2.8  41.28
[74,]  -2.7  39.98
[75,]  -2.6  38.72
[76,]  -2.5  37.50
[77,]  -2.4  36.32
[78,]  -2.3  35.18
[79,]  -2.2  34.08
[80,]  -2.1  33.02
[81,]  -2.0  32.00
[82,]  -1.9  31.02
[83,]  -1.8  30.08
[84,]  -1.7  29.18
[85,]  -1.6  28.32
[86,]  -1.5  27.50
[87,]  -1.4  26.72
[88,]  -1.3  25.98
[89,]  -1.2  25.28
[90,]  -1.1  24.62
[91,]  -1.0  24.00
[92,]  -0.9  23.42
[93,]  -0.8  22.88
[94,]  -0.7  22.38
[95,]  -0.6  21.92
[96,]  -0.5  21.50
[97,]  -0.4  21.12
[98,]  -0.3  20.78
[99,]  -0.2  20.48
[100,]  -0.1  20.22
[101,]   0.0  20.00
[102,]   0.1  19.82
[103,]   0.2  19.68
[104,]   0.3  19.58
[105,]   0.4  19.52
[106,]   0.5  19.50
[107,]   0.6  19.52
[108,]   0.7  19.58
[109,]   0.8  19.68
[110,]   0.9  19.82
[111,]   1.0  20.00
[112,]   1.1  20.22
[113,]   1.2  20.48
[114,]   1.3  20.78
[115,]   1.4  21.12
[116,]   1.5  21.50
[117,]   1.6  21.92
[118,]   1.7  22.38
[119,]   1.8  22.88
[120,]   1.9  23.42
[121,]   2.0  24.00
[122,]   2.1  24.62
[123,]   2.2  25.28
[124,]   2.3  25.98
[125,]   2.4  26.72
[126,]   2.5  27.50
[127,]   2.6  28.32
[128,]   2.7  29.18
[129,]   2.8  30.08
[130,]   2.9  31.02
[131,]   3.0  32.00
[132,]   3.1  33.02
[133,]   3.2  34.08
[134,]   3.3  35.18
[135,]   3.4  36.32
[136,]   3.5  37.50
[137,]   3.6  38.72
[138,]   3.7  39.98
[139,]   3.8  41.28
[140,]   3.9  42.62
[141,]   4.0  44.00
[142,]   4.1  45.42
[143,]   4.2  46.88
[144,]   4.3  48.38
[145,]   4.4  49.92
[146,]   4.5  51.50
[147,]   4.6  53.12
[148,]   4.7  54.78
[149,]   4.8  56.48
[150,]   4.9  58.22
[151,]   5.0  60.00
[152,]   5.1  61.82
[153,]   5.2  63.68
[154,]   5.3  65.58
[155,]   5.4  67.52
[156,]   5.5  69.50
[157,]   5.6  71.52
[158,]   5.7  73.58
[159,]   5.8  75.68
[160,]   5.9  77.82
[161,]   6.0  80.00
[162,]   6.1  82.22
[163,]   6.2  84.48
[164,]   6.3  86.78
[165,]   6.4  89.12
[166,]   6.5  91.50
[167,]   6.6  93.92
[168,]   6.7  96.38
[169,]   6.8  98.88
[170,]   6.9 101.42
[171,]   7.0 104.00
[172,]   7.1 106.62
[173,]   7.2 109.28
[174,]   7.3 111.98
[175,]   7.4 114.72
[176,]   7.5 117.50
[177,]   7.6 120.32
[178,]   7.7 123.18
[179,]   7.8 126.08
[180,]   7.9 129.02
[181,]   8.0 132.00
[182,]   8.1 135.02
[183,]   8.2 138.08
[184,]   8.3 141.18
[185,]   8.4 144.32
[186,]   8.5 147.50
[187,]   8.6 150.72
[188,]   8.7 153.98
[189,]   8.8 157.28
[190,]   8.9 160.62
[191,]   9.0 164.00
[192,]   9.1 167.42
[193,]   9.2 170.88
[194,]   9.3 174.38
[195,]   9.4 177.92
[196,]   9.5 181.50
[197,]   9.6 185.12
[198,]   9.7 188.78
[199,]   9.8 192.48
[200,]   9.9 196.22
[201,]  10.0 200.00
> m[1:5,]
[,1]   [,2]
[1,] -10.0 240.00
[2,]  -9.9 235.82
[3,]  -9.8 231.68
[4,]  -9.7 227.58
[5,]  -9.6 223.52
> colnames(m)<-c("Time","Y")
> m[1:5,]
Time      Y
[1,] -10.0 240.00
[2,]  -9.9 235.82
[3,]  -9.8 231.68
[4,]  -9.7 227.58
[5,]  -9.6 223.52
> ggplot(data=data.frame(m),aes(x=Time,y=Y))
> ggplot(data=data.frame(m),aes(x=Time,y=Y))+geom_point()